  Determining projects to restore...
C:\projects\CampaignVault\tests\CampaignVault.IntegrationTests\CampaignVault.IntegrationTests.csproj : warning NU1902: Package 'BouncyCastle.Cryptography' 2.2.1 has a known moderate severity vulnerability, https://github.com/advisories/GHSA-8xfc-gm6g-vgpv [C:\projects\CampaignVault\CampaignVault.slnx]
C:\projects\CampaignVault\tests\CampaignVault.IntegrationTests\CampaignVault.IntegrationTests.csproj : warning NU1902: Package 'BouncyCastle.Cryptography' 2.2.1 has a known moderate severity vulnerability, https://github.com/advisories/GHSA-m44j-cfrm-g8qc [C:\projects\CampaignVault\CampaignVault.slnx]
C:\projects\CampaignVault\tests\CampaignVault.IntegrationTests\CampaignVault.IntegrationTests.csproj : warning NU1902: Package 'BouncyCastle.Cryptography' 2.2.1 has a known moderate severity vulnerability, https://github.com/advisories/GHSA-v435-xc8x-wvr9 [C:\projects\CampaignVault\CampaignVault.slnx]
  All projects are up-to-date for restore.
C:\projects\CampaignVault\tests\CampaignVault.IntegrationTests\CampaignVault.IntegrationTests.csproj : warning NU1902: Package 'BouncyCastle.Cryptography' 2.2.1 has a known moderate severity vulnerability, https://github.com/advisories/GHSA-8xfc-gm6g-vgpv
C:\projects\CampaignVault\tests\CampaignVault.IntegrationTests\CampaignVault.IntegrationTests.csproj : warning NU1902: Package 'BouncyCastle.Cryptography' 2.2.1 has a known moderate severity vulnerability, https://github.com/advisories/GHSA-m44j-cfrm-g8qc
C:\projects\CampaignVault\tests\CampaignVault.IntegrationTests\CampaignVault.IntegrationTests.csproj : warning NU1902: Package 'BouncyCastle.Cryptography' 2.2.1 has a known moderate severity vulnerability, https://github.com/advisories/GHSA-v435-xc8x-wvr9
C:\projects\CampaignVault\src\CampaignVault\Data\ChangeHandlers\CharacterChangeHandlers.cs(130,80): warning CS8604: Possible null reference argument for parameter 'campaignName' in 'string CampaignDocumentKeys.Config(string campaignName)'. [C:\projects\CampaignVault\src\CampaignVault\CampaignVault.csproj]
C:\projects\CampaignVault\src\CampaignVault\Data\ChangeHandlers\CharacterChangeHandlers.cs(191,76): warning CS8604: Possible null reference argument for parameter 'campaignName' in 'string CampaignDocumentKeys.Config(string campaignName)'. [C:\projects\CampaignVault\src\CampaignVault\CampaignVault.csproj]
C:\projects\CampaignVault\src\CampaignVault\Data\ChangeHandlers\CharacterChangeHandlers.cs(239,33): warning CS8602: Dereference of a possibly null reference. [C:\projects\CampaignVault\src\CampaignVault\CampaignVault.csproj]
C:\projects\CampaignVault\src\CampaignVault\Services\ResourcePoolInitializer.cs(102,74): warning CS8602: Dereference of a possibly null reference. [C:\projects\CampaignVault\src\CampaignVault\CampaignVault.csproj]
  CampaignVault -> C:\projects\CampaignVault\src\CampaignVault\bin\Debug\net10.0\CampaignVault.dll
  CampaignVault.IntegrationTests -> C:\projects\CampaignVault\tests\CampaignVault.IntegrationTests\bin\Debug\net10.0\CampaignVault.IntegrationTests.dll
  [INTEGRATION TESTS] Building Docker image: campaignvault:latest
  CampaignVault.Authoring -> C:\projects\CampaignVault\src\CampaignVault.Authoring\bin\Debug\net10.0\CampaignVault.Authoring.dll
  'docker' is not recognized as an internal or external command,
  operable program or batch file.
  CampaignVault.UnitTests -> C:\projects\CampaignVault\tests\CampaignVault.UnitTests\bin\Debug\net10.0\CampaignVault.UnitTests.dll

Build succeeded.

C:\projects\CampaignVault\tests\CampaignVault.IntegrationTests\CampaignVault.IntegrationTests.csproj : warning NU1902: Package 'BouncyCastle.Cryptography' 2.2.1 has a known moderate severity vulnerability, https://github.com/advisories/GHSA-8xfc-gm6g-vgpv [C:\projects\CampaignVault\CampaignVault.slnx]
C:\projects\CampaignVault\tests\CampaignVault.IntegrationTests\CampaignVault.IntegrationTests.csproj : warning NU1902: Package 'BouncyCastle.Cryptography' 2.2.1 has a known moderate severity vulnerability, https://github.com/advisories/GHSA-m44j-cfrm-g8qc [C:\projects\CampaignVault\CampaignVault.slnx]
C:\projects\CampaignVault\tests\CampaignVault.IntegrationTests\CampaignVault.IntegrationTests.csproj : warning NU1902: Package 'BouncyCastle.Cryptography' 2.2.1 has a known moderate severity vulnerability, https://github.com/advisories/GHSA-v435-xc8x-wvr9 [C:\projects\CampaignVault\CampaignVault.slnx]
C:\projects\CampaignVault\tests\CampaignVault.IntegrationTests\CampaignVault.IntegrationTests.csproj : warning NU1902: Package 'BouncyCastle.Cryptography' 2.2.1 has a known moderate severity vulnerability, https://github.com/advisories/GHSA-8xfc-gm6g-vgpv
C:\projects\CampaignVault\tests\CampaignVault.IntegrationTests\CampaignVault.IntegrationTests.csproj : warning NU1902: Package 'BouncyCastle.Cryptography' 2.2.1 has a known moderate severity vulnerability, https://github.com/advisories/GHSA-m44j-cfrm-g8qc
C:\projects\CampaignVault\tests\CampaignVault.IntegrationTests\CampaignVault.IntegrationTests.csproj : warning NU1902: Package 'BouncyCastle.Cryptography' 2.2.1 has a known moderate severity vulnerability, https://github.com/advisories/GHSA-v435-xc8x-wvr9
C:\projects\CampaignVault\src\CampaignVault\Data\ChangeHandlers\CharacterChangeHandlers.cs(130,80): warning CS8604: Possible null reference argument for parameter 'campaignName' in 'string CampaignDocumentKeys.Config(string campaignName)'. [C:\projects\CampaignVault\src\CampaignVault\CampaignVault.csproj]
C:\projects\CampaignVault\src\CampaignVault\Data\ChangeHandlers\CharacterChangeHandlers.cs(191,76): warning CS8604: Possible null reference argument for parameter 'campaignName' in 'string CampaignDocumentKeys.Config(string campaignName)'. [C:\projects\CampaignVault\src\CampaignVault\CampaignVault.csproj]
C:\projects\CampaignVault\src\CampaignVault\Data\ChangeHandlers\CharacterChangeHandlers.cs(239,33): warning CS8602: Dereference of a possibly null reference. [C:\projects\CampaignVault\src\CampaignVault\CampaignVault.csproj]
C:\projects\CampaignVault\src\CampaignVault\Services\ResourcePoolInitializer.cs(102,74): warning CS8602: Dereference of a possibly null reference. [C:\projects\CampaignVault\src\CampaignVault\CampaignVault.csproj]
    10 Warning(s)
    0 Error(s)

Time Elapsed 00:00:18.08
