<?xml version="1.0" encoding="utf-8"?>
<TestRun id="c715e163-8bf7-41e9-8ca9-503b1d774af6" name="myarichuk@T800 2026-05-31 16:20:39" runUser="t800\myarichuk" xmlns="http://microsoft.com/schemas/VisualStudio/TeamTest/2010">
  <Times creation="2026-05-31T16:20:39.9611119+03:00" queuing="2026-05-31T16:20:39.9611127+03:00" start="2026-05-31T16:20:37.1970708+03:00" finish="2026-05-31T16:21:42.3530465+03:00" />
  <TestSettings name="default" id="3b92183f-d976-4001-a99a-4a4fe7a4abf1">
    <Deployment runDeploymentRoot="myarichuk_T800_2026-05-31_16_20_39" />
  </TestSettings>
  <Results>
    <UnitTestResult executionId="acd70ef8-8742-4dd0-a409-ab9e4d8c27aa" testId="0f43c972-1b48-a0b8-93b1-f4b086d7ca7b" testName="CampaignVault.Tests.CampaignRepositoryTests.GetNpcContext_Sanitizes_Event_Details_And_Uses_Safe_Query" computerName="T800" duration="00:00:00.3514171" startTime="2026-05-31T16:21:36.9991387+03:00" endTime="2026-05-31T16:21:37.3521493+03:00" testType="13cdc9d9-ddb5-4fa4-a97d-d965ccfc6d4b" outcome="Passed" testListId="8c84fa94-04c1-424b-9868-57a2d4851a1d" relativeResultsDirectory="acd70ef8-8742-4dd0-a409-ab9e4d8c27aa" />
    <UnitTestResult executionId="bc2c3e1f-399c-4fc9-9a9c-a504d43cbb3b" testId="f85a2d66-bbab-b497-a4be-3a2f5d100f12" testName="CampaignVault.Tests.CampaignRepositoryTests.Commit_Returns_Success_False_On_Missing_Character" computerName="T800" duration="00:00:00.0074370" startTime="2026-05-31T16:21:41.3103277+03:00" endTime="2026-05-31T16:21:41.3179175+03:00" testType="13cdc9d9-ddb5-4fa4-a97d-d965ccfc6d4b" outcome="Passed" testListId="8c84fa94-04c1-424b-9868-57a2d4851a1d" relativeResultsDirectory="bc2c3e1f-399c-4fc9-9a9c-a504d43cbb3b" />
    <UnitTestResult executionId="1d7fa7cc-7fb6-4419-9900-d59f56984bd4" testId="3840c7fd-53de-b063-451f-90c1ca1dd43b" testName="CampaignVault.Tests.CampaignRepositoryTests.Commit_Supports_Arbitrary_Attributes_Via_Open_Dictionary" computerName="T800" duration="00:00:00.1045432" startTime="2026-05-31T16:21:36.2077315+03:00" endTime="2026-05-31T16:21:36.3131218+03:00" testType="13cdc9d9-ddb5-4fa4-a97d-d965ccfc6d4b" outcome="Passed" testListId="8c84fa94-04c1-424b-9868-57a2d4851a1d" relativeResultsDirectory="1d7fa7cc-7fb6-4419-9900-d59f56984bd4" />
    <UnitTestResult executionId="ac322a15-f264-491e-a3d2-3d75adcd188a" testId="5eddc9c9-ade8-94d2-68e8-971abb4929d4" testName="CampaignVault.Tests.CampaignRepositoryTests.RumorDecayRule_Escalates_Nascent_Or_Spreading_Rumors_To_Peak" computerName="T800" duration="00:00:00.4033228" startTime="2026-05-31T16:21:38.5264742+03:00" endTime="2026-05-31T16:21:38.9304086+03:00" testType="13cdc9d9-ddb5-4fa4-a97d-d965ccfc6d4b" outcome="Passed" testListId="8c84fa94-04c1-424b-9868-57a2d4851a1d" relativeResultsDirectory="ac322a15-f264-491e-a3d2-3d75adcd188a" />
    <UnitTestResult executionId="8aea98fa-9cb8-4c1c-9428-cc13aa29332f" testId="5d76b4b9-1e02-385b-7749-e03059c498ff" testName="CampaignVault.Tests.CampaignRepositoryTests.AttributeChange_Applies_Delta_When_IsDelta_True" computerName="T800" duration="00:00:00.0914335" startTime="2026-05-31T16:21:39.8713925+03:00" endTime="2026-05-31T16:21:39.9619295+03:00" testType="13cdc9d9-ddb5-4fa4-a97d-d965ccfc6d4b" outcome="Passed" testListId="8c84fa94-04c1-424b-9868-57a2d4851a1d" relativeResultsDirectory="8aea98fa-9cb8-4c1c-9428-cc13aa29332f" />
    <UnitTestResult executionId="c6310635-5272-4742-9aa3-202f23ca3766" testId="9c143a42-6b39-6590-e23a-30620d27af99" testName="CampaignVault.Tests.CampaignRepositoryTests.Commit_Handles_OutOfOrder_Polymorphic_JSON" computerName="T800" duration="00:00:00.2228207" startTime="2026-05-31T16:21:40.1453165+03:00" endTime="2026-05-31T16:21:40.3693465+03:00" testType="13cdc9d9-ddb5-4fa4-a97d-d965ccfc6d4b" outcome="Passed" testListId="8c84fa94-04c1-424b-9868-57a2d4851a1d" relativeResultsDirectory="c6310635-5272-4742-9aa3-202f23ca3766" />
    <UnitTestResult executionId="d689552a-fd5a-490c-9658-ebde97b8376b" testId="19df7873-8b4b-bc4a-d17e-6fd4b2b3986e" testName="CampaignVault.Tests.CampaignRepositoryTests.GetWorldState_Aggregates_Context" computerName="T800" duration="00:00:00.0729317" startTime="2026-05-31T16:21:36.4543984+03:00" endTime="2026-05-31T16:21:36.5278457+03:00" testType="13cdc9d9-ddb5-4fa4-a97d-d965ccfc6d4b" outcome="Passed" testListId="8c84fa94-04c1-424b-9868-57a2d4851a1d" relativeResultsDirectory="d689552a-fd5a-490c-9658-ebde97b8376b" />
    <UnitTestResult executionId="b68cb7ad-39bc-484b-98f5-e001bd7edd86" testId="c212dae7-0099-3e7f-d1a7-c7061804276b" testName="CampaignVault.Tests.CampaignRepositoryTests.SanitizeValue_Prevents_JsonElement_Leakage" computerName="T800" duration="00:00:00.4689398" startTime="2026-05-31T16:21:36.5288025+03:00" endTime="2026-05-31T16:21:36.9982394+03:00" testType="13cdc9d9-ddb5-4fa4-a97d-d965ccfc6d4b" outcome="Passed" testListId="8c84fa94-04c1-424b-9868-57a2d4851a1d" relativeResultsDirectory="b68cb7ad-39bc-484b-98f5-e001bd7edd86" />
    <UnitTestResult executionId="a1e2376e-8461-48f9-9b44-14ec978b4f91" testId="73ab05c5-68bf-b544-3ca0-8737f01796d3" testName="CampaignVault.Tests.WorldChangeDispatcherTests.Dispatcher_RecordsFailure_WhenHandlerReturnsFailure" computerName="T800" duration="00:00:00.0036225" startTime="2026-05-31T16:20:39.2079107+03:00" endTime="2026-05-31T16:20:39.2080343+03:00" testType="13cdc9d9-ddb5-4fa4-a97d-d965ccfc6d4b" outcome="Passed" testListId="8c84fa94-04c1-424b-9868-57a2d4851a1d" relativeResultsDirectory="a1e2376e-8461-48f9-9b44-14ec978b4f91" />
    <UnitTestResult executionId="6e2ab1d8-9163-4c7b-bd26-a6f325ce6c4a" testId="86fade3f-a2aa-5911-ecbc-8163cc39f23e" testName="CampaignVault.Tests.WorldChangeDispatcherTests.Dispatcher_HandlesMixedBatch_WithSomeHandlersMissing" computerName="T800" duration="00:00:00.0068606" startTime="2026-05-31T16:20:39.2045837+03:00" endTime="2026-05-31T16:20:39.2051321+03:00" testType="13cdc9d9-ddb5-4fa4-a97d-d965ccfc6d4b" outcome="Passed" testListId="8c84fa94-04c1-424b-9868-57a2d4851a1d" relativeResultsDirectory="6e2ab1d8-9163-4c7b-bd26-a6f325ce6c4a" />
    <UnitTestResult executionId="918063df-567f-458b-b771-4842f1b75f17" testId="bfd9eff4-6ef8-0e51-c752-bcb70a0bb238" testName="CampaignVault.Tests.SimulationHarness.DeterministicScenarios.Scenario_TheTavernRest_Workflow" computerName="T800" duration="00:00:02.9150847" startTime="2026-05-31T16:21:32.4510638+03:00" endTime="2026-05-31T16:21:35.3665855+03:00" testType="13cdc9d9-ddb5-4fa4-a97d-d965ccfc6d4b" outcome="Passed" testListId="8c84fa94-04c1-424b-9868-57a2d4851a1d" relativeResultsDirectory="918063df-567f-458b-b771-4842f1b75f17" />
    <UnitTestResult executionId="8b15c72d-b200-46ae-ab12-08753b3e1085" testId="987579af-4e49-fbf9-b3e1-57f298ac0d4d" testName="CampaignVault.Tests.CampaignRepositoryTests.Commit_Updates_HP_Delta_Atomically" computerName="T800" duration="00:00:00.2848168" startTime="2026-05-31T16:21:39.4792111+03:00" endTime="2026-05-31T16:21:39.7638960+03:00" testType="13cdc9d9-ddb5-4fa4-a97d-d965ccfc6d4b" outcome="Passed" testListId="8c84fa94-04c1-424b-9868-57a2d4851a1d" relativeResultsDirectory="8b15c72d-b200-46ae-ab12-08753b3e1085" />
    <UnitTestResult executionId="6d6f7836-3aff-405f-9d20-334077faf80a" testId="702d660a-41a7-59aa-f3d8-08bfd4f10e01" testName="CampaignVault.Tests.CampaignRepositoryTests.AdvanceWorld_CalendarMath_Handles_Large_Day_Jumps_Correctly" computerName="T800" duration="00:00:00.0803463" startTime="2026-05-31T16:21:37.3533656+03:00" endTime="2026-05-31T16:21:37.4435427+03:00" testType="13cdc9d9-ddb5-4fa4-a97d-d965ccfc6d4b" outcome="Passed" testListId="8c84fa94-04c1-424b-9868-57a2d4851a1d" relativeResultsDirectory="6d6f7836-3aff-405f-9d20-334077faf80a" />
    <UnitTestResult executionId="278061e0-f27a-4852-9273-7aeb3acf1108" testId="5bf1931e-92ad-9668-24a1-1459192e75ab" testName="CampaignVault.Tests.CampaignRepositoryTests.GetSceneAsync_WithMissingLocation_ThrowsExpectedException" computerName="T800" duration="00:00:00.0225014" startTime="2026-05-31T16:21:38.5013271+03:00" endTime="2026-05-31T16:21:38.5249863+03:00" testType="13cdc9d9-ddb5-4fa4-a97d-d965ccfc6d4b" outcome="Passed" testListId="8c84fa94-04c1-424b-9868-57a2d4851a1d" relativeResultsDirectory="278061e0-f27a-4852-9273-7aeb3acf1108" />
    <UnitTestResult executionId="62714f7f-7873-4e60-b018-f55e06b98121" testId="0a3a6089-2233-ab5e-0eb5-11812966a8c7" testName="CampaignVault.Tests.CampaignRepositoryTests.NeedsAccumulationRule_Does_Not_Exceed_Cap_And_Uses_Clean_Math" computerName="T800" duration="00:00:00.0690796" startTime="2026-05-31T16:21:39.7995167+03:00" endTime="2026-05-31T16:21:39.8690049+03:00" testType="13cdc9d9-ddb5-4fa4-a97d-d965ccfc6d4b" outcome="Passed" testListId="8c84fa94-04c1-424b-9868-57a2d4851a1d" relativeResultsDirectory="62714f7f-7873-4e60-b018-f55e06b98121" />
    <UnitTestResult executionId="443f5766-0c78-4b29-95aa-b5e455a4cf1a" testId="cdfe9844-2760-e0e3-2ed7-ea091de7198e" testName="CampaignVault.Tests.CampaignRepositoryTests.V4_Operations_Only_Populate_Mind_Fields_Legacy_TopLevel_Remain_Empty" computerName="T800" duration="00:00:00.1321887" startTime="2026-05-31T16:21:39.1587778+03:00" endTime="2026-05-31T16:21:39.2921260+03:00" testType="13cdc9d9-ddb5-4fa4-a97d-d965ccfc6d4b" outcome="Passed" testListId="8c84fa94-04c1-424b-9868-57a2d4851a1d" relativeResultsDirectory="443f5766-0c78-4b29-95aa-b5e455a4cf1a" />
    <UnitTestResult executionId="2152f309-04de-4202-ab6a-324608f436ee" testId="f742b3a8-994b-02d1-e4b8-eb31337974b8" testName="CampaignVault.Tests.CampaignRepositoryTests.SearchWorld_Does_Not_Throw_ActiveAsyncTask_Disposal_Error" computerName="T800" duration="00:00:00.1379919" startTime="2026-05-31T16:21:36.3143185+03:00" endTime="2026-05-31T16:21:36.4534260+03:00" testType="13cdc9d9-ddb5-4fa4-a97d-d965ccfc6d4b" outcome="Passed" testListId="8c84fa94-04c1-424b-9868-57a2d4851a1d" relativeResultsDirectory="2152f309-04de-4202-ab6a-324608f436ee" />
    <UnitTestResult executionId="e922d145-e721-4433-8836-0860c5ae4567" testId="8a3aecfe-ec4b-097c-57f6-f8323f956d67" testName="CampaignVault.Tests.CampaignRepositoryTests.LocationMetadata_And_ItemProperties_Never_Leak_JsonElement_Into_Raven" computerName="T800" duration="00:00:00.1819116" startTime="2026-05-31T16:21:39.2942363+03:00" endTime="2026-05-31T16:21:39.4781307+03:00" testType="13cdc9d9-ddb5-4fa4-a97d-d965ccfc6d4b" outcome="Passed" testListId="8c84fa94-04c1-424b-9868-57a2d4851a1d" relativeResultsDirectory="e922d145-e721-4433-8836-0860c5ae4567" />
    <UnitTestResult executionId="07b99453-49df-44ff-a4f3-d00fb4d0e7a2" testId="816826b7-3692-9f7b-f8ad-c3ac72e49e13" testName="CampaignVault.Tests.SimulationHarness.HybridStressTests.ChaoticCampaignLoop_StressTests_Invariants" computerName="T800" duration="00:00:09.3603390" startTime="2026-05-31T16:21:22.1715782+03:00" endTime="2026-05-31T16:21:31.5421085+03:00" testType="13cdc9d9-ddb5-4fa4-a97d-d965ccfc6d4b" outcome="Passed" testListId="8c84fa94-04c1-424b-9868-57a2d4851a1d" relativeResultsDirectory="07b99453-49df-44ff-a4f3-d00fb4d0e7a2" />
    <UnitTestResult executionId="55ecd5e5-fcda-4ee6-bcbe-09647405dc14" testId="3e6443cb-5500-77f6-6066-64e1f9d8f739" testName="CampaignVault.Tests.CampaignRepositoryTests.GetCharacter_Fuzzy_Match_Works" computerName="T800" duration="00:00:00.5607228" startTime="2026-05-31T16:21:40.7732874+03:00" endTime="2026-05-31T16:21:41.3096746+03:00" testType="13cdc9d9-ddb5-4fa4-a97d-d965ccfc6d4b" outcome="Passed" testListId="8c84fa94-04c1-424b-9868-57a2d4851a1d" relativeResultsDirectory="55ecd5e5-fcda-4ee6-bcbe-09647405dc14" />
    <UnitTestResult executionId="cfb2b144-7882-4f12-9e2c-416cbeb1087b" testId="f8d6ae70-c576-dfaf-9fc9-06294c80ecea" testName="CampaignVault.Tests.CampaignRepositoryTests.Upsert_Tool_Parameter_Names_Are_Descriptive" computerName="T800" duration="00:00:00.0011159" startTime="2026-05-31T16:21:41.5209040+03:00" endTime="2026-05-31T16:21:41.5211068+03:00" testType="13cdc9d9-ddb5-4fa4-a97d-d965ccfc6d4b" outcome="Passed" testListId="8c84fa94-04c1-424b-9868-57a2d4851a1d" relativeResultsDirectory="cfb2b144-7882-4f12-9e2c-416cbeb1087b" />
    <UnitTestResult executionId="b4de05d5-9677-4a57-9ab4-4f6d754ae04b" testId="b135b8c5-0a8e-89e6-f313-834eaa040119" testName="CampaignVault.Tests.CampaignRepositoryTests.HP_Clamping_Enforces_Bounds" computerName="T800" duration="00:00:00.0333272" startTime="2026-05-31T16:21:39.7644440+03:00" endTime="2026-05-31T16:21:39.7985088+03:00" testType="13cdc9d9-ddb5-4fa4-a97d-d965ccfc6d4b" outcome="Passed" testListId="8c84fa94-04c1-424b-9868-57a2d4851a1d" relativeResultsDirectory="b4de05d5-9677-4a57-9ab4-4f6d754ae04b" />
    <UnitTestResult executionId="55613411-c18f-4097-acd1-256f1a1b6504" testId="2633c7ec-f2f5-2e6d-1530-a0f9d061cc25" testName="CampaignVault.Tests.WorldChangeDispatcherTests.Dispatcher_SelectsCorrectHandler_ByShouldHandle" computerName="T800" duration="00:00:00.0568207" startTime="2026-05-31T16:20:39.0878820+03:00" endTime="2026-05-31T16:20:39.1645943+03:00" testType="13cdc9d9-ddb5-4fa4-a97d-d965ccfc6d4b" outcome="Passed" testListId="8c84fa94-04c1-424b-9868-57a2d4851a1d" relativeResultsDirectory="55613411-c18f-4097-acd1-256f1a1b6504" />
    <UnitTestResult executionId="4c774ff8-08af-4dcb-b8ac-cf0ff2e56aed" testId="56e55b40-07af-a342-6d2c-895b7f95332e" testName="CampaignVault.Tests.CampaignRepositoryTests.StatusChange_And_StatusRemove_Work_Safely_With_Preloaded_Character" computerName="T800" duration="00:00:00.3292607" startTime="2026-05-31T16:21:40.3702810+03:00" endTime="2026-05-31T16:21:40.7497367+03:00" testType="13cdc9d9-ddb5-4fa4-a97d-d965ccfc6d4b" outcome="Failed" testListId="8c84fa94-04c1-424b-9868-57a2d4851a1d" relativeResultsDirectory="4c774ff8-08af-4dcb-b8ac-cf0ff2e56aed">
      <Output>
        <ErrorInfo>
          <Message>Assert.Contains() Failure: Filter not matched in collection&#xD;
Collection: ["Status 'Poisoned' (category: Legacy) added to npcs"···, "Status 'Frightened' (category: Legacy) added to np"···]</Message>
          <StackTrace>   at CampaignVault.Tests.CampaignRepositoryTests.StatusChange_And_StatusRemove_Work_Safely_With_Preloaded_Character() in C:\Users\myarichuk\source\repos\CampaignVault\tests\CampaignVault.Tests\CampaignRepositoryTests.cs:line 953&#xD;
--- End of stack trace from previous location ---</StackTrace>
        </ErrorInfo>
      </Output>
    </UnitTestResult>
    <UnitTestResult executionId="13d2e6c1-8859-4245-9ec8-899f1ddc9d73" testId="68fa2dc7-e228-05ac-5c89-30a6e0b636dd" testName="CampaignVault.Tests.CampaignRepositoryTests.Rumor_TruthValue_Is_Proper_Enum_Not_Stringly_Typed" computerName="T800" duration="00:00:00.0110107" startTime="2026-05-31T16:21:41.3183626+03:00" endTime="2026-05-31T16:21:41.3292530+03:00" testType="13cdc9d9-ddb5-4fa4-a97d-d965ccfc6d4b" outcome="Passed" testListId="8c84fa94-04c1-424b-9868-57a2d4851a1d" relativeResultsDirectory="13d2e6c1-8859-4245-9ec8-899f1ddc9d73" />
    <UnitTestResult executionId="c2329259-f292-4117-8445-27950113388e" testId="07afcd0c-6069-daed-427d-6e10e8871148" testName="CampaignVault.Tests.WorldChangeDispatcherTests.Dispatcher_LogsWarning_OnDuplicateClaim_AndUsesFirst" computerName="T800" duration="00:00:00.0053865" startTime="2026-05-31T16:20:39.2073610+03:00" endTime="2026-05-31T16:20:39.2074725+03:00" testType="13cdc9d9-ddb5-4fa4-a97d-d965ccfc6d4b" outcome="Passed" testListId="8c84fa94-04c1-424b-9868-57a2d4851a1d" relativeResultsDirectory="c2329259-f292-4117-8445-27950113388e" />
    <UnitTestResult executionId="179eeac9-f8d3-4aee-a7b3-5817d83ce48f" testId="1a2195bd-4506-a716-b299-c072eeef17ee" testName="CampaignVault.Tests.CampaignRepositoryTests.AdvanceWorld_Persists_Simulator_Mutations_On_NPCs_And_Rumors" computerName="T800" duration="00:00:00.1811908" startTime="2026-05-31T16:21:39.9628307+03:00" endTime="2026-05-31T16:21:40.1444832+03:00" testType="13cdc9d9-ddb5-4fa4-a97d-d965ccfc6d4b" outcome="Passed" testListId="8c84fa94-04c1-424b-9868-57a2d4851a1d" relativeResultsDirectory="179eeac9-f8d3-4aee-a7b3-5817d83ce48f" />
    <UnitTestResult executionId="cc2e7978-854d-4eef-a25d-75bca14161b1" testId="ce9c4a1a-8d2f-6327-3b84-4c03cb0b0acb" testName="CampaignVault.Tests.CampaignRepositoryTests.AdvanceWorld_Is_Atomic_And_Runs_Simulation" computerName="T800" duration="00:00:01.0556926" startTime="2026-05-31T16:21:37.4447768+03:00" endTime="2026-05-31T16:21:38.5004735+03:00" testType="13cdc9d9-ddb5-4fa4-a97d-d965ccfc6d4b" outcome="Passed" testListId="8c84fa94-04c1-424b-9868-57a2d4851a1d" relativeResultsDirectory="cc2e7978-854d-4eef-a25d-75bca14161b1" />
    <UnitTestResult executionId="c4be4098-e4f9-4c27-85ec-bd6ed147ca81" testId="74fa259d-5732-a6ec-c0d2-d89ad7ab402c" testName="CampaignVault.Tests.CampaignRepositoryTests.WorldChange_PolymorphicSerialization_Supports_DollarType" computerName="T800" duration="00:00:00.0477807" startTime="2026-05-31T16:21:41.4725882+03:00" endTime="2026-05-31T16:21:41.5200413+03:00" testType="13cdc9d9-ddb5-4fa4-a97d-d965ccfc6d4b" outcome="Passed" testListId="8c84fa94-04c1-424b-9868-57a2d4851a1d" relativeResultsDirectory="c4be4098-e4f9-4c27-85ec-bd6ed147ca81" />
    <UnitTestResult executionId="fd006489-2a66-4c2c-9977-d8be3a015207" testId="2aa4909b-c9d7-4e1b-cc0f-5db93246c37f" testName="CampaignVault.Tests.CampaignRepositoryTests.GetScene_Heals_Legacy_Polluted_Location_And_Item_Data" computerName="T800" duration="00:00:00.2262454" startTime="2026-05-31T16:21:38.9312495+03:00" endTime="2026-05-31T16:21:39.1579311+03:00" testType="13cdc9d9-ddb5-4fa4-a97d-d965ccfc6d4b" outcome="Passed" testListId="8c84fa94-04c1-424b-9868-57a2d4851a1d" relativeResultsDirectory="fd006489-2a66-4c2c-9977-d8be3a015207" />
    <UnitTestResult executionId="a84d3abb-7357-4dfa-ba2d-a5c95531893c" testId="dfa8776b-3fe1-8891-a67c-73f086386374" testName="CampaignVault.Tests.WorldChangeDispatcherTests.Dispatcher_WithNoHandlers_MarksEverythingUnhandled" computerName="T800" duration="00:00:00.0024432" startTime="2026-05-31T16:20:39.2084157+03:00" endTime="2026-05-31T16:20:39.2085835+03:00" testType="13cdc9d9-ddb5-4fa4-a97d-d965ccfc6d4b" outcome="Passed" testListId="8c84fa94-04c1-424b-9868-57a2d4851a1d" relativeResultsDirectory="a84d3abb-7357-4dfa-ba2d-a5c95531893c" />
    <UnitTestResult executionId="8949c3b7-7c07-4ea5-bdd1-06be5c2a23b4" testId="4f9213e5-4838-ebe8-4641-62fe317d3e49" testName="CampaignVault.Tests.CampaignRepositoryTests.GetSceneAsync_Finds_NPCs_By_CurrentLocationId_Using_Index" computerName="T800" duration="00:00:00.1396182" startTime="2026-05-31T16:21:41.3300991+03:00" endTime="2026-05-31T16:21:41.4710879+03:00" testType="13cdc9d9-ddb5-4fa4-a97d-d965ccfc6d4b" outcome="Passed" testListId="8c84fa94-04c1-424b-9868-57a2d4851a1d" relativeResultsDirectory="8949c3b7-7c07-4ea5-bdd1-06be5c2a23b4" />
  </Results>
  <TestDefinitions>
    <UnitTest name="CampaignVault.Tests.CampaignRepositoryTests.AttributeChange_Applies_Delta_When_IsDelta_True" storage="c:\users\myarichuk\source\repos\campaignvault\tests\campaignvault.tests\bin\debug\net10.0\campaignvault.tests.dll" id="5d76b4b9-1e02-385b-7749-e03059c498ff">
      <Execution id="8aea98fa-9cb8-4c1c-9428-cc13aa29332f" />
      <TestMethod codeBase="C:\Users\myarichuk\source\repos\CampaignVault\tests\CampaignVault.Tests\bin\Debug\net10.0\CampaignVault.Tests.dll" adapterTypeName="executor://xunit/VsTestRunner3/netcore/" className="CampaignVault.Tests.CampaignRepositoryTests" name="AttributeChange_Applies_Delta_When_IsDelta_True" />
    </UnitTest>
    <UnitTest name="CampaignVault.Tests.CampaignRepositoryTests.GetSceneAsync_WithMissingLocation_ThrowsExpectedException" storage="c:\users\myarichuk\source\repos\campaignvault\tests\campaignvault.tests\bin\debug\net10.0\campaignvault.tests.dll" id="5bf1931e-92ad-9668-24a1-1459192e75ab">
      <Execution id="278061e0-f27a-4852-9273-7aeb3acf1108" />
      <TestMethod codeBase="C:\Users\myarichuk\source\repos\CampaignVault\tests\CampaignVault.Tests\bin\Debug\net10.0\CampaignVault.Tests.dll" adapterTypeName="executor://xunit/VsTestRunner3/netcore/" className="CampaignVault.Tests.CampaignRepositoryTests" name="GetSceneAsync_WithMissingLocation_ThrowsExpectedException" />
    </UnitTest>
    <UnitTest name="CampaignVault.Tests.CampaignRepositoryTests.V4_Operations_Only_Populate_Mind_Fields_Legacy_TopLevel_Remain_Empty" storage="c:\users\myarichuk\source\repos\campaignvault\tests\campaignvault.tests\bin\debug\net10.0\campaignvault.tests.dll" id="cdfe9844-2760-e0e3-2ed7-ea091de7198e">
      <Execution id="443f5766-0c78-4b29-95aa-b5e455a4cf1a" />
      <TestMethod codeBase="C:\Users\myarichuk\source\repos\CampaignVault\tests\CampaignVault.Tests\bin\Debug\net10.0\CampaignVault.Tests.dll" adapterTypeName="executor://xunit/VsTestRunner3/netcore/" className="CampaignVault.Tests.CampaignRepositoryTests" name="V4_Operations_Only_Populate_Mind_Fields_Legacy_TopLevel_Remain_Empty" />
    </UnitTest>
    <UnitTest name="CampaignVault.Tests.CampaignRepositoryTests.GetScene_Heals_Legacy_Polluted_Location_And_Item_Data" storage="c:\users\myarichuk\source\repos\campaignvault\tests\campaignvault.tests\bin\debug\net10.0\campaignvault.tests.dll" id="2aa4909b-c9d7-4e1b-cc0f-5db93246c37f">
      <Execution id="fd006489-2a66-4c2c-9977-d8be3a015207" />
      <TestMethod codeBase="C:\Users\myarichuk\source\repos\CampaignVault\tests\CampaignVault.Tests\bin\Debug\net10.0\CampaignVault.Tests.dll" adapterTypeName="executor://xunit/VsTestRunner3/netcore/" className="CampaignVault.Tests.CampaignRepositoryTests" name="GetScene_Heals_Legacy_Polluted_Location_And_Item_Data" />
    </UnitTest>
    <UnitTest name="CampaignVault.Tests.CampaignRepositoryTests.LocationMetadata_And_ItemProperties_Never_Leak_JsonElement_Into_Raven" storage="c:\users\myarichuk\source\repos\campaignvault\tests\campaignvault.tests\bin\debug\net10.0\campaignvault.tests.dll" id="8a3aecfe-ec4b-097c-57f6-f8323f956d67">
      <Execution id="e922d145-e721-4433-8836-0860c5ae4567" />
      <TestMethod codeBase="C:\Users\myarichuk\source\repos\CampaignVault\tests\CampaignVault.Tests\bin\Debug\net10.0\CampaignVault.Tests.dll" adapterTypeName="executor://xunit/VsTestRunner3/netcore/" className="CampaignVault.Tests.CampaignRepositoryTests" name="LocationMetadata_And_ItemProperties_Never_Leak_JsonElement_Into_Raven" />
    </UnitTest>
    <UnitTest name="CampaignVault.Tests.CampaignRepositoryTests.GetWorldState_Aggregates_Context" storage="c:\users\myarichuk\source\repos\campaignvault\tests\campaignvault.tests\bin\debug\net10.0\campaignvault.tests.dll" id="19df7873-8b4b-bc4a-d17e-6fd4b2b3986e">
      <Execution id="d689552a-fd5a-490c-9658-ebde97b8376b" />
      <TestMethod codeBase="C:\Users\myarichuk\source\repos\CampaignVault\tests\CampaignVault.Tests\bin\Debug\net10.0\CampaignVault.Tests.dll" adapterTypeName="executor://xunit/VsTestRunner3/netcore/" className="CampaignVault.Tests.CampaignRepositoryTests" name="GetWorldState_Aggregates_Context" />
    </UnitTest>
    <UnitTest name="CampaignVault.Tests.CampaignRepositoryTests.Commit_Updates_HP_Delta_Atomically" storage="c:\users\myarichuk\source\repos\campaignvault\tests\campaignvault.tests\bin\debug\net10.0\campaignvault.tests.dll" id="987579af-4e49-fbf9-b3e1-57f298ac0d4d">
      <Execution id="8b15c72d-b200-46ae-ab12-08753b3e1085" />
      <TestMethod codeBase="C:\Users\myarichuk\source\repos\CampaignVault\tests\CampaignVault.Tests\bin\Debug\net10.0\CampaignVault.Tests.dll" adapterTypeName="executor://xunit/VsTestRunner3/netcore/" className="CampaignVault.Tests.CampaignRepositoryTests" name="Commit_Updates_HP_Delta_Atomically" />
    </UnitTest>
    <UnitTest name="CampaignVault.Tests.CampaignRepositoryTests.Upsert_Tool_Parameter_Names_Are_Descriptive" storage="c:\users\myarichuk\source\repos\campaignvault\tests\campaignvault.tests\bin\debug\net10.0\campaignvault.tests.dll" id="f8d6ae70-c576-dfaf-9fc9-06294c80ecea">
      <Execution id="cfb2b144-7882-4f12-9e2c-416cbeb1087b" />
      <TestMethod codeBase="C:\Users\myarichuk\source\repos\CampaignVault\tests\CampaignVault.Tests\bin\Debug\net10.0\CampaignVault.Tests.dll" adapterTypeName="executor://xunit/VsTestRunner3/netcore/" className="CampaignVault.Tests.CampaignRepositoryTests" name="Upsert_Tool_Parameter_Names_Are_Descriptive" />
    </UnitTest>
    <UnitTest name="CampaignVault.Tests.CampaignRepositoryTests.GetSceneAsync_Finds_NPCs_By_CurrentLocationId_Using_Index" storage="c:\users\myarichuk\source\repos\campaignvault\tests\campaignvault.tests\bin\debug\net10.0\campaignvault.tests.dll" id="4f9213e5-4838-ebe8-4641-62fe317d3e49">
      <Execution id="8949c3b7-7c07-4ea5-bdd1-06be5c2a23b4" />
      <TestMethod codeBase="C:\Users\myarichuk\source\repos\CampaignVault\tests\CampaignVault.Tests\bin\Debug\net10.0\CampaignVault.Tests.dll" adapterTypeName="executor://xunit/VsTestRunner3/netcore/" className="CampaignVault.Tests.CampaignRepositoryTests" name="GetSceneAsync_Finds_NPCs_By_CurrentLocationId_Using_Index" />
    </UnitTest>
    <UnitTest name="CampaignVault.Tests.WorldChangeDispatcherTests.Dispatcher_WithNoHandlers_MarksEverythingUnhandled" storage="c:\users\myarichuk\source\repos\campaignvault\tests\campaignvault.tests\bin\debug\net10.0\campaignvault.tests.dll" id="dfa8776b-3fe1-8891-a67c-73f086386374">
      <Execution id="a84d3abb-7357-4dfa-ba2d-a5c95531893c" />
      <TestMethod codeBase="C:\Users\myarichuk\source\repos\CampaignVault\tests\CampaignVault.Tests\bin\Debug\net10.0\CampaignVault.Tests.dll" adapterTypeName="executor://xunit/VsTestRunner3/netcore/" className="CampaignVault.Tests.WorldChangeDispatcherTests" name="Dispatcher_WithNoHandlers_MarksEverythingUnhandled" />
    </UnitTest>
    <UnitTest name="CampaignVault.Tests.CampaignRepositoryTests.NeedsAccumulationRule_Does_Not_Exceed_Cap_And_Uses_Clean_Math" storage="c:\users\myarichuk\source\repos\campaignvault\tests\campaignvault.tests\bin\debug\net10.0\campaignvault.tests.dll" id="0a3a6089-2233-ab5e-0eb5-11812966a8c7">
      <Execution id="62714f7f-7873-4e60-b018-f55e06b98121" />
      <TestMethod codeBase="C:\Users\myarichuk\source\repos\CampaignVault\tests\CampaignVault.Tests\bin\Debug\net10.0\CampaignVault.Tests.dll" adapterTypeName="executor://xunit/VsTestRunner3/netcore/" className="CampaignVault.Tests.CampaignRepositoryTests" name="NeedsAccumulationRule_Does_Not_Exceed_Cap_And_Uses_Clean_Math" />
    </UnitTest>
    <UnitTest name="CampaignVault.Tests.CampaignRepositoryTests.Commit_Returns_Success_False_On_Missing_Character" storage="c:\users\myarichuk\source\repos\campaignvault\tests\campaignvault.tests\bin\debug\net10.0\campaignvault.tests.dll" id="f85a2d66-bbab-b497-a4be-3a2f5d100f12">
      <Execution id="bc2c3e1f-399c-4fc9-9a9c-a504d43cbb3b" />
      <TestMethod codeBase="C:\Users\myarichuk\source\repos\CampaignVault\tests\CampaignVault.Tests\bin\Debug\net10.0\CampaignVault.Tests.dll" adapterTypeName="executor://xunit/VsTestRunner3/netcore/" className="CampaignVault.Tests.CampaignRepositoryTests" name="Commit_Returns_Success_False_On_Missing_Character" />
    </UnitTest>
    <UnitTest name="CampaignVault.Tests.CampaignRepositoryTests.GetNpcContext_Sanitizes_Event_Details_And_Uses_Safe_Query" storage="c:\users\myarichuk\source\repos\campaignvault\tests\campaignvault.tests\bin\debug\net10.0\campaignvault.tests.dll" id="0f43c972-1b48-a0b8-93b1-f4b086d7ca7b">
      <Execution id="acd70ef8-8742-4dd0-a409-ab9e4d8c27aa" />
      <TestMethod codeBase="C:\Users\myarichuk\source\repos\CampaignVault\tests\CampaignVault.Tests\bin\Debug\net10.0\CampaignVault.Tests.dll" adapterTypeName="executor://xunit/VsTestRunner3/netcore/" className="CampaignVault.Tests.CampaignRepositoryTests" name="GetNpcContext_Sanitizes_Event_Details_And_Uses_Safe_Query" />
    </UnitTest>
    <UnitTest name="CampaignVault.Tests.SimulationHarness.DeterministicScenarios.Scenario_TheTavernRest_Workflow" storage="c:\users\myarichuk\source\repos\campaignvault\tests\campaignvault.tests\bin\debug\net10.0\campaignvault.tests.dll" id="bfd9eff4-6ef8-0e51-c752-bcb70a0bb238">
      <Execution id="918063df-567f-458b-b771-4842f1b75f17" />
      <TestMethod codeBase="C:\Users\myarichuk\source\repos\CampaignVault\tests\CampaignVault.Tests\bin\Debug\net10.0\CampaignVault.Tests.dll" adapterTypeName="executor://xunit/VsTestRunner3/netcore/" className="CampaignVault.Tests.SimulationHarness.DeterministicScenarios" name="Scenario_TheTavernRest_Workflow" />
    </UnitTest>
    <UnitTest name="CampaignVault.Tests.CampaignRepositoryTests.StatusChange_And_StatusRemove_Work_Safely_With_Preloaded_Character" storage="c:\users\myarichuk\source\repos\campaignvault\tests\campaignvault.tests\bin\debug\net10.0\campaignvault.tests.dll" id="56e55b40-07af-a342-6d2c-895b7f95332e">
      <Execution id="4c774ff8-08af-4dcb-b8ac-cf0ff2e56aed" />
      <TestMethod codeBase="C:\Users\myarichuk\source\repos\CampaignVault\tests\CampaignVault.Tests\bin\Debug\net10.0\CampaignVault.Tests.dll" adapterTypeName="executor://xunit/VsTestRunner3/netcore/" className="CampaignVault.Tests.CampaignRepositoryTests" name="StatusChange_And_StatusRemove_Work_Safely_With_Preloaded_Character" />
    </UnitTest>
    <UnitTest name="CampaignVault.Tests.WorldChangeDispatcherTests.Dispatcher_RecordsFailure_WhenHandlerReturnsFailure" storage="c:\users\myarichuk\source\repos\campaignvault\tests\campaignvault.tests\bin\debug\net10.0\campaignvault.tests.dll" id="73ab05c5-68bf-b544-3ca0-8737f01796d3">
      <Execution id="a1e2376e-8461-48f9-9b44-14ec978b4f91" />
      <TestMethod codeBase="C:\Users\myarichuk\source\repos\CampaignVault\tests\CampaignVault.Tests\bin\Debug\net10.0\CampaignVault.Tests.dll" adapterTypeName="executor://xunit/VsTestRunner3/netcore/" className="CampaignVault.Tests.WorldChangeDispatcherTests" name="Dispatcher_RecordsFailure_WhenHandlerReturnsFailure" />
    </UnitTest>
    <UnitTest name="CampaignVault.Tests.WorldChangeDispatcherTests.Dispatcher_SelectsCorrectHandler_ByShouldHandle" storage="c:\users\myarichuk\source\repos\campaignvault\tests\campaignvault.tests\bin\debug\net10.0\campaignvault.tests.dll" id="2633c7ec-f2f5-2e6d-1530-a0f9d061cc25">
      <Execution id="55613411-c18f-4097-acd1-256f1a1b6504" />
      <TestMethod codeBase="C:\Users\myarichuk\source\repos\CampaignVault\tests\CampaignVault.Tests\bin\Debug\net10.0\CampaignVault.Tests.dll" adapterTypeName="executor://xunit/VsTestRunner3/netcore/" className="CampaignVault.Tests.WorldChangeDispatcherTests" name="Dispatcher_SelectsCorrectHandler_ByShouldHandle" />
    </UnitTest>
    <UnitTest name="CampaignVault.Tests.CampaignRepositoryTests.AdvanceWorld_Persists_Simulator_Mutations_On_NPCs_And_Rumors" storage="c:\users\myarichuk\source\repos\campaignvault\tests\campaignvault.tests\bin\debug\net10.0\campaignvault.tests.dll" id="1a2195bd-4506-a716-b299-c072eeef17ee">
      <Execution id="179eeac9-f8d3-4aee-a7b3-5817d83ce48f" />
      <TestMethod codeBase="C:\Users\myarichuk\source\repos\CampaignVault\tests\CampaignVault.Tests\bin\Debug\net10.0\CampaignVault.Tests.dll" adapterTypeName="executor://xunit/VsTestRunner3/netcore/" className="CampaignVault.Tests.CampaignRepositoryTests" name="AdvanceWorld_Persists_Simulator_Mutations_On_NPCs_And_Rumors" />
    </UnitTest>
    <UnitTest name="CampaignVault.Tests.CampaignRepositoryTests.Commit_Supports_Arbitrary_Attributes_Via_Open_Dictionary" storage="c:\users\myarichuk\source\repos\campaignvault\tests\campaignvault.tests\bin\debug\net10.0\campaignvault.tests.dll" id="3840c7fd-53de-b063-451f-90c1ca1dd43b">
      <Execution id="1d7fa7cc-7fb6-4419-9900-d59f56984bd4" />
      <TestMethod codeBase="C:\Users\myarichuk\source\repos\CampaignVault\tests\CampaignVault.Tests\bin\Debug\net10.0\CampaignVault.Tests.dll" adapterTypeName="executor://xunit/VsTestRunner3/netcore/" className="CampaignVault.Tests.CampaignRepositoryTests" name="Commit_Supports_Arbitrary_Attributes_Via_Open_Dictionary" />
    </UnitTest>
    <UnitTest name="CampaignVault.Tests.SimulationHarness.HybridStressTests.ChaoticCampaignLoop_StressTests_Invariants" storage="c:\users\myarichuk\source\repos\campaignvault\tests\campaignvault.tests\bin\debug\net10.0\campaignvault.tests.dll" id="816826b7-3692-9f7b-f8ad-c3ac72e49e13">
      <Execution id="07b99453-49df-44ff-a4f3-d00fb4d0e7a2" />
      <TestMethod codeBase="C:\Users\myarichuk\source\repos\CampaignVault\tests\CampaignVault.Tests\bin\Debug\net10.0\CampaignVault.Tests.dll" adapterTypeName="executor://xunit/VsTestRunner3/netcore/" className="CampaignVault.Tests.SimulationHarness.HybridStressTests" name="ChaoticCampaignLoop_StressTests_Invariants" />
    </UnitTest>
    <UnitTest name="CampaignVault.Tests.CampaignRepositoryTests.Rumor_TruthValue_Is_Proper_Enum_Not_Stringly_Typed" storage="c:\users\myarichuk\source\repos\campaignvault\tests\campaignvault.tests\bin\debug\net10.0\campaignvault.tests.dll" id="68fa2dc7-e228-05ac-5c89-30a6e0b636dd">
      <Execution id="13d2e6c1-8859-4245-9ec8-899f1ddc9d73" />
      <TestMethod codeBase="C:\Users\myarichuk\source\repos\CampaignVault\tests\CampaignVault.Tests\bin\Debug\net10.0\CampaignVault.Tests.dll" adapterTypeName="executor://xunit/VsTestRunner3/netcore/" className="CampaignVault.Tests.CampaignRepositoryTests" name="Rumor_TruthValue_Is_Proper_Enum_Not_Stringly_Typed" />
    </UnitTest>
    <UnitTest name="CampaignVault.Tests.WorldChangeDispatcherTests.Dispatcher_HandlesMixedBatch_WithSomeHandlersMissing" storage="c:\users\myarichuk\source\repos\campaignvault\tests\campaignvault.tests\bin\debug\net10.0\campaignvault.tests.dll" id="86fade3f-a2aa-5911-ecbc-8163cc39f23e">
      <Execution id="6e2ab1d8-9163-4c7b-bd26-a6f325ce6c4a" />
      <TestMethod codeBase="C:\Users\myarichuk\source\repos\CampaignVault\tests\CampaignVault.Tests\bin\Debug\net10.0\CampaignVault.Tests.dll" adapterTypeName="executor://xunit/VsTestRunner3/netcore/" className="CampaignVault.Tests.WorldChangeDispatcherTests" name="Dispatcher_HandlesMixedBatch_WithSomeHandlersMissing" />
    </UnitTest>
    <UnitTest name="CampaignVault.Tests.CampaignRepositoryTests.Commit_Handles_OutOfOrder_Polymorphic_JSON" storage="c:\users\myarichuk\source\repos\campaignvault\tests\campaignvault.tests\bin\debug\net10.0\campaignvault.tests.dll" id="9c143a42-6b39-6590-e23a-30620d27af99">
      <Execution id="c6310635-5272-4742-9aa3-202f23ca3766" />
      <TestMethod codeBase="C:\Users\myarichuk\source\repos\CampaignVault\tests\CampaignVault.Tests\bin\Debug\net10.0\CampaignVault.Tests.dll" adapterTypeName="executor://xunit/VsTestRunner3/netcore/" className="CampaignVault.Tests.CampaignRepositoryTests" name="Commit_Handles_OutOfOrder_Polymorphic_JSON" />
    </UnitTest>
    <UnitTest name="CampaignVault.Tests.CampaignRepositoryTests.WorldChange_PolymorphicSerialization_Supports_DollarType" storage="c:\users\myarichuk\source\repos\campaignvault\tests\campaignvault.tests\bin\debug\net10.0\campaignvault.tests.dll" id="74fa259d-5732-a6ec-c0d2-d89ad7ab402c">
      <Execution id="c4be4098-e4f9-4c27-85ec-bd6ed147ca81" />
      <TestMethod codeBase="C:\Users\myarichuk\source\repos\CampaignVault\tests\CampaignVault.Tests\bin\Debug\net10.0\CampaignVault.Tests.dll" adapterTypeName="executor://xunit/VsTestRunner3/netcore/" className="CampaignVault.Tests.CampaignRepositoryTests" name="WorldChange_PolymorphicSerialization_Supports_DollarType" />
    </UnitTest>
    <UnitTest name="CampaignVault.Tests.CampaignRepositoryTests.GetCharacter_Fuzzy_Match_Works" storage="c:\users\myarichuk\source\repos\campaignvault\tests\campaignvault.tests\bin\debug\net10.0\campaignvault.tests.dll" id="3e6443cb-5500-77f6-6066-64e1f9d8f739">
      <Execution id="55ecd5e5-fcda-4ee6-bcbe-09647405dc14" />
      <TestMethod codeBase="C:\Users\myarichuk\source\repos\CampaignVault\tests\CampaignVault.Tests\bin\Debug\net10.0\CampaignVault.Tests.dll" adapterTypeName="executor://xunit/VsTestRunner3/netcore/" className="CampaignVault.Tests.CampaignRepositoryTests" name="GetCharacter_Fuzzy_Match_Works" />
    </UnitTest>
    <UnitTest name="CampaignVault.Tests.CampaignRepositoryTests.SearchWorld_Does_Not_Throw_ActiveAsyncTask_Disposal_Error" storage="c:\users\myarichuk\source\repos\campaignvault\tests\campaignvault.tests\bin\debug\net10.0\campaignvault.tests.dll" id="f742b3a8-994b-02d1-e4b8-eb31337974b8">
      <Execution id="2152f309-04de-4202-ab6a-324608f436ee" />
      <TestMethod codeBase="C:\Users\myarichuk\source\repos\CampaignVault\tests\CampaignVault.Tests\bin\Debug\net10.0\CampaignVault.Tests.dll" adapterTypeName="executor://xunit/VsTestRunner3/netcore/" className="CampaignVault.Tests.CampaignRepositoryTests" name="SearchWorld_Does_Not_Throw_ActiveAsyncTask_Disposal_Error" />
    </UnitTest>
    <UnitTest name="CampaignVault.Tests.CampaignRepositoryTests.AdvanceWorld_CalendarMath_Handles_Large_Day_Jumps_Correctly" storage="c:\users\myarichuk\source\repos\campaignvault\tests\campaignvault.tests\bin\debug\net10.0\campaignvault.tests.dll" id="702d660a-41a7-59aa-f3d8-08bfd4f10e01">
      <Execution id="6d6f7836-3aff-405f-9d20-334077faf80a" />
      <TestMethod codeBase="C:\Users\myarichuk\source\repos\CampaignVault\tests\CampaignVault.Tests\bin\Debug\net10.0\CampaignVault.Tests.dll" adapterTypeName="executor://xunit/VsTestRunner3/netcore/" className="CampaignVault.Tests.CampaignRepositoryTests" name="AdvanceWorld_CalendarMath_Handles_Large_Day_Jumps_Correctly" />
    </UnitTest>
    <UnitTest name="CampaignVault.Tests.WorldChangeDispatcherTests.Dispatcher_LogsWarning_OnDuplicateClaim_AndUsesFirst" storage="c:\users\myarichuk\source\repos\campaignvault\tests\campaignvault.tests\bin\debug\net10.0\campaignvault.tests.dll" id="07afcd0c-6069-daed-427d-6e10e8871148">
      <Execution id="c2329259-f292-4117-8445-27950113388e" />
      <TestMethod codeBase="C:\Users\myarichuk\source\repos\CampaignVault\tests\CampaignVault.Tests\bin\Debug\net10.0\CampaignVault.Tests.dll" adapterTypeName="executor://xunit/VsTestRunner3/netcore/" className="CampaignVault.Tests.WorldChangeDispatcherTests" name="Dispatcher_LogsWarning_OnDuplicateClaim_AndUsesFirst" />
    </UnitTest>
    <UnitTest name="CampaignVault.Tests.CampaignRepositoryTests.AdvanceWorld_Is_Atomic_And_Runs_Simulation" storage="c:\users\myarichuk\source\repos\campaignvault\tests\campaignvault.tests\bin\debug\net10.0\campaignvault.tests.dll" id="ce9c4a1a-8d2f-6327-3b84-4c03cb0b0acb">
      <Execution id="cc2e7978-854d-4eef-a25d-75bca14161b1" />
      <TestMethod codeBase="C:\Users\myarichuk\source\repos\CampaignVault\tests\CampaignVault.Tests\bin\Debug\net10.0\CampaignVault.Tests.dll" adapterTypeName="executor://xunit/VsTestRunner3/netcore/" className="CampaignVault.Tests.CampaignRepositoryTests" name="AdvanceWorld_Is_Atomic_And_Runs_Simulation" />
    </UnitTest>
    <UnitTest name="CampaignVault.Tests.CampaignRepositoryTests.SanitizeValue_Prevents_JsonElement_Leakage" storage="c:\users\myarichuk\source\repos\campaignvault\tests\campaignvault.tests\bin\debug\net10.0\campaignvault.tests.dll" id="c212dae7-0099-3e7f-d1a7-c7061804276b">
      <Execution id="b68cb7ad-39bc-484b-98f5-e001bd7edd86" />
      <TestMethod codeBase="C:\Users\myarichuk\source\repos\CampaignVault\tests\CampaignVault.Tests\bin\Debug\net10.0\CampaignVault.Tests.dll" adapterTypeName="executor://xunit/VsTestRunner3/netcore/" className="CampaignVault.Tests.CampaignRepositoryTests" name="SanitizeValue_Prevents_JsonElement_Leakage" />
    </UnitTest>
    <UnitTest name="CampaignVault.Tests.CampaignRepositoryTests.HP_Clamping_Enforces_Bounds" storage="c:\users\myarichuk\source\repos\campaignvault\tests\campaignvault.tests\bin\debug\net10.0\campaignvault.tests.dll" id="b135b8c5-0a8e-89e6-f313-834eaa040119">
      <Execution id="b4de05d5-9677-4a57-9ab4-4f6d754ae04b" />
      <TestMethod codeBase="C:\Users\myarichuk\source\repos\CampaignVault\tests\CampaignVault.Tests\bin\Debug\net10.0\CampaignVault.Tests.dll" adapterTypeName="executor://xunit/VsTestRunner3/netcore/" className="CampaignVault.Tests.CampaignRepositoryTests" name="HP_Clamping_Enforces_Bounds" />
    </UnitTest>
    <UnitTest name="CampaignVault.Tests.CampaignRepositoryTests.RumorDecayRule_Escalates_Nascent_Or_Spreading_Rumors_To_Peak" storage="c:\users\myarichuk\source\repos\campaignvault\tests\campaignvault.tests\bin\debug\net10.0\campaignvault.tests.dll" id="5eddc9c9-ade8-94d2-68e8-971abb4929d4">
      <Execution id="ac322a15-f264-491e-a3d2-3d75adcd188a" />
      <TestMethod codeBase="C:\Users\myarichuk\source\repos\CampaignVault\tests\CampaignVault.Tests\bin\Debug\net10.0\CampaignVault.Tests.dll" adapterTypeName="executor://xunit/VsTestRunner3/netcore/" className="CampaignVault.Tests.CampaignRepositoryTests" name="RumorDecayRule_Escalates_Nascent_Or_Spreading_Rumors_To_Peak" />
    </UnitTest>
  </TestDefinitions>
  <TestEntries>
    <TestEntry testId="0f43c972-1b48-a0b8-93b1-f4b086d7ca7b" executionId="acd70ef8-8742-4dd0-a409-ab9e4d8c27aa" testListId="8c84fa94-04c1-424b-9868-57a2d4851a1d" />
    <TestEntry testId="f85a2d66-bbab-b497-a4be-3a2f5d100f12" executionId="bc2c3e1f-399c-4fc9-9a9c-a504d43cbb3b" testListId="8c84fa94-04c1-424b-9868-57a2d4851a1d" />
    <TestEntry testId="3840c7fd-53de-b063-451f-90c1ca1dd43b" executionId="1d7fa7cc-7fb6-4419-9900-d59f56984bd4" testListId="8c84fa94-04c1-424b-9868-57a2d4851a1d" />
    <TestEntry testId="5eddc9c9-ade8-94d2-68e8-971abb4929d4" executionId="ac322a15-f264-491e-a3d2-3d75adcd188a" testListId="8c84fa94-04c1-424b-9868-57a2d4851a1d" />
    <TestEntry testId="5d76b4b9-1e02-385b-7749-e03059c498ff" executionId="8aea98fa-9cb8-4c1c-9428-cc13aa29332f" testListId="8c84fa94-04c1-424b-9868-57a2d4851a1d" />
    <TestEntry testId="9c143a42-6b39-6590-e23a-30620d27af99" executionId="c6310635-5272-4742-9aa3-202f23ca3766" testListId="8c84fa94-04c1-424b-9868-57a2d4851a1d" />
    <TestEntry testId="19df7873-8b4b-bc4a-d17e-6fd4b2b3986e" executionId="d689552a-fd5a-490c-9658-ebde97b8376b" testListId="8c84fa94-04c1-424b-9868-57a2d4851a1d" />
    <TestEntry testId="c212dae7-0099-3e7f-d1a7-c7061804276b" executionId="b68cb7ad-39bc-484b-98f5-e001bd7edd86" testListId="8c84fa94-04c1-424b-9868-57a2d4851a1d" />
    <TestEntry testId="73ab05c5-68bf-b544-3ca0-8737f01796d3" executionId="a1e2376e-8461-48f9-9b44-14ec978b4f91" testListId="8c84fa94-04c1-424b-9868-57a2d4851a1d" />
    <TestEntry testId="86fade3f-a2aa-5911-ecbc-8163cc39f23e" executionId="6e2ab1d8-9163-4c7b-bd26-a6f325ce6c4a" testListId="8c84fa94-04c1-424b-9868-57a2d4851a1d" />
    <TestEntry testId="bfd9eff4-6ef8-0e51-c752-bcb70a0bb238" executionId="918063df-567f-458b-b771-4842f1b75f17" testListId="8c84fa94-04c1-424b-9868-57a2d4851a1d" />
    <TestEntry testId="987579af-4e49-fbf9-b3e1-57f298ac0d4d" executionId="8b15c72d-b200-46ae-ab12-08753b3e1085" testListId="8c84fa94-04c1-424b-9868-57a2d4851a1d" />
    <TestEntry testId="702d660a-41a7-59aa-f3d8-08bfd4f10e01" executionId="6d6f7836-3aff-405f-9d20-334077faf80a" testListId="8c84fa94-04c1-424b-9868-57a2d4851a1d" />
    <TestEntry testId="5bf1931e-92ad-9668-24a1-1459192e75ab" executionId="278061e0-f27a-4852-9273-7aeb3acf1108" testListId="8c84fa94-04c1-424b-9868-57a2d4851a1d" />
    <TestEntry testId="0a3a6089-2233-ab5e-0eb5-11812966a8c7" executionId="62714f7f-7873-4e60-b018-f55e06b98121" testListId="8c84fa94-04c1-424b-9868-57a2d4851a1d" />
    <TestEntry testId="cdfe9844-2760-e0e3-2ed7-ea091de7198e" executionId="443f5766-0c78-4b29-95aa-b5e455a4cf1a" testListId="8c84fa94-04c1-424b-9868-57a2d4851a1d" />
    <TestEntry testId="f742b3a8-994b-02d1-e4b8-eb31337974b8" executionId="2152f309-04de-4202-ab6a-324608f436ee" testListId="8c84fa94-04c1-424b-9868-57a2d4851a1d" />
    <TestEntry testId="8a3aecfe-ec4b-097c-57f6-f8323f956d67" executionId="e922d145-e721-4433-8836-0860c5ae4567" testListId="8c84fa94-04c1-424b-9868-57a2d4851a1d" />
    <TestEntry testId="816826b7-3692-9f7b-f8ad-c3ac72e49e13" executionId="07b99453-49df-44ff-a4f3-d00fb4d0e7a2" testListId="8c84fa94-04c1-424b-9868-57a2d4851a1d" />
    <TestEntry testId="3e6443cb-5500-77f6-6066-64e1f9d8f739" executionId="55ecd5e5-fcda-4ee6-bcbe-09647405dc14" testListId="8c84fa94-04c1-424b-9868-57a2d4851a1d" />
    <TestEntry testId="f8d6ae70-c576-dfaf-9fc9-06294c80ecea" executionId="cfb2b144-7882-4f12-9e2c-416cbeb1087b" testListId="8c84fa94-04c1-424b-9868-57a2d4851a1d" />
    <TestEntry testId="b135b8c5-0a8e-89e6-f313-834eaa040119" executionId="b4de05d5-9677-4a57-9ab4-4f6d754ae04b" testListId="8c84fa94-04c1-424b-9868-57a2d4851a1d" />
    <TestEntry testId="2633c7ec-f2f5-2e6d-1530-a0f9d061cc25" executionId="55613411-c18f-4097-acd1-256f1a1b6504" testListId="8c84fa94-04c1-424b-9868-57a2d4851a1d" />
    <TestEntry testId="56e55b40-07af-a342-6d2c-895b7f95332e" executionId="4c774ff8-08af-4dcb-b8ac-cf0ff2e56aed" testListId="8c84fa94-04c1-424b-9868-57a2d4851a1d" />
    <TestEntry testId="68fa2dc7-e228-05ac-5c89-30a6e0b636dd" executionId="13d2e6c1-8859-4245-9ec8-899f1ddc9d73" testListId="8c84fa94-04c1-424b-9868-57a2d4851a1d" />
    <TestEntry testId="07afcd0c-6069-daed-427d-6e10e8871148" executionId="c2329259-f292-4117-8445-27950113388e" testListId="8c84fa94-04c1-424b-9868-57a2d4851a1d" />
    <TestEntry testId="1a2195bd-4506-a716-b299-c072eeef17ee" executionId="179eeac9-f8d3-4aee-a7b3-5817d83ce48f" testListId="8c84fa94-04c1-424b-9868-57a2d4851a1d" />
    <TestEntry testId="ce9c4a1a-8d2f-6327-3b84-4c03cb0b0acb" executionId="cc2e7978-854d-4eef-a25d-75bca14161b1" testListId="8c84fa94-04c1-424b-9868-57a2d4851a1d" />
    <TestEntry testId="74fa259d-5732-a6ec-c0d2-d89ad7ab402c" executionId="c4be4098-e4f9-4c27-85ec-bd6ed147ca81" testListId="8c84fa94-04c1-424b-9868-57a2d4851a1d" />
    <TestEntry testId="2aa4909b-c9d7-4e1b-cc0f-5db93246c37f" executionId="fd006489-2a66-4c2c-9977-d8be3a015207" testListId="8c84fa94-04c1-424b-9868-57a2d4851a1d" />
    <TestEntry testId="dfa8776b-3fe1-8891-a67c-73f086386374" executionId="a84d3abb-7357-4dfa-ba2d-a5c95531893c" testListId="8c84fa94-04c1-424b-9868-57a2d4851a1d" />
    <TestEntry testId="4f9213e5-4838-ebe8-4641-62fe317d3e49" executionId="8949c3b7-7c07-4ea5-bdd1-06be5c2a23b4" testListId="8c84fa94-04c1-424b-9868-57a2d4851a1d" />
  </TestEntries>
  <TestLists>
    <TestList name="Results Not in a List" id="8c84fa94-04c1-424b-9868-57a2d4851a1d" />
    <TestList name="All Loaded Results" id="19431567-8539-422a-85d7-44ee4e166bda" />
  </TestLists>
  <ResultSummary outcome="Failed">
    <Counters total="32" executed="32" passed="31" failed="1" error="0" timeout="0" aborted="0" inconclusive="0" passedButRunAborted="0" notRunnable="0" notExecuted="0" disconnected="0" warning="0" completed="0" inProgress="0" pending="0" />
    <Output>
      <StdOut>[xUnit.net 00:00:00.01] xUnit.net VSTest Adapter v3.1.5+1b188a7b0a (64-bit .NET 10.0.7)&#xD;
[xUnit.net 00:00:00.30]   Discovering: CampaignVault.Tests&#xD;
[xUnit.net 00:00:00.47]   Discovered:  CampaignVault.Tests&#xD;
[xUnit.net 00:00:00.57]   Starting:    CampaignVault.Tests&#xD;
[xUnit.net 00:01:02.35]       Assert.Contains() Failure: Filter not matched in collection&#xD;
[xUnit.net 00:01:02.35]       Collection: ["Status 'Poisoned' (category: Legacy) added to npcs"···, "Status 'Frightened' (category: Legacy) added to np"···]&#xD;
[xUnit.net 00:01:02.35]       Stack Trace:&#xD;
[xUnit.net 00:01:02.35]         C:\Users\myarichuk\source\repos\CampaignVault\tests\CampaignVault.Tests\CampaignRepositoryTests.cs(953,0): at CampaignVault.Tests.CampaignRepositoryTests.StatusChange_And_StatusRemove_Work_Safely_With_Preloaded_Character()&#xD;
[xUnit.net 00:01:02.35]         --- End of stack trace from previous location ---&#xD;
[xUnit.net 00:01:03.65]   Finished:    CampaignVault.Tests&#xD;
</StdOut>
    </Output>
    <RunInfos>
      <RunInfo computerName="T800" outcome="Error" timestamp="2026-05-31T16:21:40.7614390+03:00">
        <Text>[xUnit.net 00:01:02.35]     CampaignVault.Tests.CampaignRepositoryTests.StatusChange_And_StatusRemove_Work_Safely_With_Preloaded_Character [FAIL]</Text>
      </RunInfo>
    </RunInfos>
  </ResultSummary>
</TestRun>